2026-05-07 19:50:00,147 - INFO - Received file: Screenshot 2025-05-05 181542.png
2026-05-07 19:50:01,071 - INFO - OCR extracted text: Email 7

<€ Oo wo:

Did you know you can save up to
15% off your car insurance if you
switch to Geico? D Cinisc)

VaLkillLma 10:04am .
® ws
tome v

top://iwhrhwicy.utlif-y/receipt.php
Cheers,

Mike Ferris
2026-05-07 19:50:01,072 - INFO - Threat analysis completed for: Screenshot 2025-05-05 181542.png
2026-05-07 19:54:17,723 - INFO - Received file: Screenshot 2025-05-05 165240.png
2026-05-07 19:54:18,703 - INFO - OCR extracted text: Email 3

€ Ho w@ ©

Is Facebook working for you? D

Vinny 10:56 am
GY ©
tome v

Hey | think Facebook is down, | can't log in at all no matter
what.

Can you try? https://www.faceBook.com.opt/login.htm

Thanks,
Vinny
2026-05-07 19:54:18,705 - INFO - Threat analysis completed for: Screenshot 2025-05-05 165240.png
2026-05-08 17:34:25,661 - INFO - Received file: Screenshot 2025-05-05 175705.png
2026-05-08 17:34:28,664 - INFO - OCR extracted text: Email 5

¢ 6 ow 8

You are needed D x

Vincent 11:25am :
(©) a
tome v

Hi, my name fs Vincent and I'm an FBI agent undercover in
Uganda.

My W.A.E. email given to me during my highly classified
investigation was recently burnt and now | have no way of
passing critical Intel back to HQ.

| have made a temporary account to contact you, however the
local dictatorship blocks all emails contacting first world
governments and this is where you come in.

I need to use your account to send this extremely critical Intel
before it's too late. This will require me accessing your email
for security reasons.

Thank you in advance for your understanding.

Superintendent Vincent
2026-05-08 17:34:28,665 - INFO - Threat analysis completed for: Screenshot 2025-05-05 175705.png
2026-05-08 19:20:17,698 - INFO - Received file: scan.jpg
2026-05-08 19:20:20,662 - INFO - OCR extracted text: THB © OE) & & o SAE on@

¢ wow & 8

Reportasinotspam|

DeanStudents
Congratulations

Your pois fas haem shoentiisted fertina
prestigiousssummeninternship|program|byaleam|edutyi]
sLech}Solutionsspowered|by IBM)

Ghets forthe Summer Batch exo filing en o fistcoma fist
served|basiss

o Orel Piass 2to 6 Mantis Stipend Based
Ontermsttfp,

PFstipend 4315 OOOO 30000 RIXED)Y

° MSME & ISO veiiitad catiiteates
faccredited|by/MicrosoftyIBMand/Adobes

Gromiis Live sessions, Se inchistiy prefacts, and]
° fil placement assistance,

Finaljregistration}forthe|Summerninternship|(MAYA JULY
Cxtch) Saawepen

Referral|codedIBMOj]

QED YOUR APPLICATION HERE
2026-05-08 19:20:20,663 - INFO - Threat analysis completed for: scan.jpg
2026-05-08 19:31:55,135 - INFO - Received file: scan.jpg
2026-05-08 19:31:57,000 - INFO - OCR extracted text: THB © OE) & & o SAE on@

¢ wow & 8

Reportasinotspam|

DeanStudents
Congratulations

Your pois fas haem shoentiisted fertina
prestigiousssummeninternship|program|byaleam|edutyi]
sLech}Solutionsspowered|by IBM)

Ghets forthe Summer Batch exo filing en o fistcoma fist
served|basiss

o Orel Piass 2to 6 Mantis Stipend Based
Ontermsttfp,

PFstipend 4315 OOOO 30000 RIXED)Y

° MSME & ISO veiiitad catiiteates
faccredited|by/MicrosoftyIBMand/Adobes

Gromiis Live sessions, Se inchistiy prefacts, and]
° fil placement assistance,

Finaljregistration}forthe|Summerninternship|(MAYA JULY
Cxtch) Saawepen

Referral|codedIBMOj]

QED YOUR APPLICATION HERE
2026-05-08 19:31:57,000 - INFO - Threat analysis completed for: scan.jpg
2026-05-08 19:32:14,168 - INFO - Received file: scan.jpg
2026-05-08 19:32:16,167 - INFO - OCR extracted text: THB © OE) & & o SAE on@

¢ wow & 8

Reportasinotspam|

DeanStudents
Congratulations

Your pois fas haem shoentiisted fertina
prestigiousssummeninternship|program|byaleam|edutyi]
sLech}Solutionsspowered|by IBM)

Ghets forthe Summer Batch exo filing en o fistcoma fist
served|basiss

o Orel Piass 2to 6 Mantis Stipend Based
Ontermsttfp,

PFstipend 4315 OOOO 30000 RIXED)Y

° MSME & ISO veiiitad catiiteates
faccredited|by/MicrosoftyIBMand/Adobes

Gromiis Live sessions, Se inchistiy prefacts, and]
° fil placement assistance,

Finaljregistration}forthe|Summerninternship|(MAYA JULY
Cxtch) Saawepen

Referral|codedIBMOj]

QED YOUR APPLICATION HERE
2026-05-08 19:32:16,167 - INFO - Threat analysis completed for: scan.jpg
2026-05-08 19:33:22,191 - INFO - Received file: scan.jpg
2026-05-08 19:33:24,602 - INFO - OCR extracted text: TA 7 AME o AL) Me

dp

ae of & 8

OWeek Summer hikamenhD
AoAG(Oniline) =
(AML, NLR, Gyscrsccuntiyy

Processing)
(— >
.
SCA gy HA
tS, beame v p

Sinclanis,

1D)
We are pleased t fan
Summerginternshipseroeram (Online winwthe)
of Antiicel ihiiigane GM),
Nati Proexssing GLP),
Cybarscennity, ancl image Prossssing,
wall im mad
from 22 Mey - G juily 2000, aimed
mg Fou with lendson kills
rocks most in-ceimemd tedmdlogy arcas,

Thronghom the Prog, Participants
engareminweinteractive
assionmentss
(hana to apply Ghetr knowledge to realwwoudlal
litte
mentorshipsdriventlearninomwhenrerstudents

will work fm smell expel

B

PRS

5

vw

a. OF} _+_2 SK)_<

c Forward

NY
t
rs]
i")
zs
<
2

is) @
2026-05-08 19:33:24,605 - INFO - Threat analysis completed for: scan.jpg
2026-05-08 19:34:17,638 - INFO - Received file: scan.jpg
2026-05-08 19:34:20,219 - INFO - OCR extracted text: THB © OE) & & o SAE on@

¢ wow & 8

Reportasinotspam|

DeanStudents
Congratulations

Your pois fas haem shoentiisted fertina
prestigiousssummeninternship|program|byaleam|edutyi]
sLech}Solutionsspowered|by IBM)

Ghets forthe Summer Batch exo filing en o fistcoma fist
served|basiss

o Orel Piass 2to 6 Mantis Stipend Based
Ontermsttfp,

PFstipend 4315 OOOO 30000 RIXED)Y

° MSME & ISO veiiitad catiiteates
faccredited|by/MicrosoftyIBMand/Adobes

Gromiis Live sessions, Se inchistiy prefacts, and]
° fil placement assistance,

Finaljregistration}forthe|Summerninternship|(MAYA JULY
Cxtch) Saawepen

Referral|codedIBMOj]

QED YOUR APPLICATION HERE
2026-05-08 19:34:20,220 - INFO - Threat analysis completed for: scan.jpg
2026-05-08 19:36:19,298 - INFO - Received file: scan.jpg
2026-05-08 19:36:21,341 - INFO - OCR extracted text: THB © OE) & & o SAE on@

¢ wow & 8

Reportasinotspam|

DeanStudents
Congratulations

Your pois fas haem shoentiisted fertina
prestigiousssummeninternship|program|byaleam|edutyi]
sLech}Solutionsspowered|by IBM)

Ghets forthe Summer Batch exo filing en o fistcoma fist
served|basiss

o Orel Piass 2to 6 Mantis Stipend Based
Ontermsttfp,

PFstipend 4315 OOOO 30000 RIXED)Y

° MSME & ISO veiiitad catiiteates
faccredited|by/MicrosoftyIBMand/Adobes

Gromiis Live sessions, Se inchistiy prefacts, and]
° fil placement assistance,

Finaljregistration}forthe|Summerninternship|(MAYA JULY
Cxtch) Saawepen

Referral|codedIBMOj]

QED YOUR APPLICATION HERE
2026-05-08 19:36:21,341 - INFO - Threat analysis completed for: scan.jpg
2026-05-08 19:36:43,170 - INFO - Received file: scan.jpg
2026-05-08 19:36:45,800 - INFO - OCR extracted text: PHS © @MMo © @E)

Comet{C/20251R =
xe Y S i) :

FS 1848 (Nentical Twilight?)
Phncis Vieihle Tonight
Whats Visible Now o The Say Tonigin

ENGLISH ITALIANO ESPANOL

Home » Comets » C7025 RO (PANSTARRS)
C72025
(PANSTARRS)

Above the horizon. Rises 08:08 || Trane 18287 | See 19280
AE IAST® AZO Dikeciion WestGoullitiest

Connect G/2025 RS (PANSTARRS) fs th the
constellation of Orion, at a distance of
112,112498.5 Kilometers from Berth. The
GUTEHe Right Ascension fs OSh 18m S6e and the
Declination is 06° SU 14° (pparent
coordinates). The latest chscrved magnitude of
COREL C/2028 RB (PANSTARRS) is 8.2 (Gredit
GOES Comet Obscivetion Database).

Finder Charts
ANRBIES FY BO
2026-05-08 19:36:45,801 - INFO - Threat analysis completed for: scan.jpg
2026-05-08 19:38:28,733 - INFO - Received file: scan.jpg
2026-05-08 19:38:30,949 - INFO - OCR extracted text: DAO Smo S@Lan@

BindSicht
Accessibilitystinrst

Usioad

Congratulations’

b
NY,
Slots forthe Summer Batch'are filling.on’afirstcomesfirst.

fe} Dual Phase:;2,to.6, Months'Stipend Based

t¥ Stipend:,z,] 5,000, to,230,000,(FIXED)§

fel Credentials: MSME'&'1SO,verified certificates
‘accredited by, Microsoft] IBM ¥and'Adobe.
°

y y b
Growth: Vive sessions*3-+4 industry, projects*and

full placement’assistance.

Final registration forthe Summer, Internship (MAYSJULY,
Batch) is now,open:

Threat Analysis

Soventine low
(Mick Seance ©
2026-05-08 19:38:30,949 - INFO - Threat analysis completed for: scan.jpg
2026-05-08 19:39:45,472 - INFO - Received file: scan.jpg
2026-05-08 19:39:47,855 - INFO - OCR extracted text: PHS © @MMo © @E)

Comet{C/20251R =
xe Y S i) :

FS 1848 (Nentical Twilight?)
Phncis Vieihle Tonight
Whats Visible Now o The Say Tonigin

ENGLISH ITALIANO ESPANOL

Home » Comets » C7025 RO (PANSTARRS)
C72025
(PANSTARRS)

Above the horizon. Rises 08:08 || Trane 18287 | See 19280
AE IAST® AZO Dikeciion WestGoullitiest

Connect G/2025 RS (PANSTARRS) fs th the
constellation of Orion, at a distance of
112,112498.5 Kilometers from Berth. The
GUTEHe Right Ascension fs OSh 18m S6e and the
Declination is 06° SU 14° (pparent
coordinates). The latest chscrved magnitude of
COREL C/2028 RB (PANSTARRS) is 8.2 (Gredit
GOES Comet Obscivetion Database).

Finder Charts
ANRBIES FY BO
2026-05-08 19:39:47,856 - INFO - Threat analysis completed for: scan.jpg
2026-05-08 19:41:45,185 - INFO - Received file: Screenshot 2025-05-05 181542.png
2026-05-08 19:41:46,230 - INFO - OCR extracted text: Email 7

<€ Oo wo:

Did you know you can save up to
15% off your car insurance if you
switch to Geico? D Cinisc)

VaLkillLma 10:04am .
® ws
tome v

top://iwhrhwicy.utlif-y/receipt.php
Cheers,

Mike Ferris
2026-05-08 19:41:46,230 - INFO - Threat analysis completed for: Screenshot 2025-05-05 181542.png
2026-05-08 19:42:03,128 - INFO - Received file: Screenshot 2025-05-05 181542.png
2026-05-08 19:42:04,036 - INFO - OCR extracted text: Email 7

<€ Oo wo:

Did you know you can save up to
15% off your car insurance if you
switch to Geico? D Cinisc)

VaLkillLma 10:04am .
® ws
tome v

top://iwhrhwicy.utlif-y/receipt.php
Cheers,

Mike Ferris
2026-05-08 19:42:04,037 - INFO - Threat analysis completed for: Screenshot 2025-05-05 181542.png
2026-05-08 19:44:46,939 - INFO - Received file: scan.jpg
2026-05-08 19:44:49,612 - INFO - OCR extracted text: BED © @ MM o ALBA

Comet{C/20251R =
xe Y S i) :

Home » Comets » C7025 RO (PANSTARRS)
C72025
(PANSTARRS)

Above the horizon. Rises 08:08 || Trane 18287 | See 19280
ANE IBA A2BGAS Dikeciion WastGoullittest

C/2025 RS (PANSTARRS) is in the
constellation of Orion, at a distance of
112,007,288.1 Idlometers fiom Eartin. The
CUTE Right Ascension is OSh 18m SS and the
Declination fs 06° 80? 08° Epparent
coordinates). The latest chscrved magnitude of
COREL C/2028 RB (PANSTARRS) is 8.2 (Gredit
GOES Comet Obscivetion Database).

ner Charts

The ayy charts below show, et ciffsrant
resolutions, the position of comet C/2028 RS
(PANSTARRS) iin the ste Click om cach chart to
access the imeractive ster map tool

Build; brand Jan
(3) GoDaddy, back your, busine:

with GoDaddy
2026-05-08 19:44:49,614 - INFO - Threat analysis completed for: scan.jpg
2026-05-08 20:02:46,478 - INFO - Received file: scan.jpg
2026-05-08 20:02:49,540 - INFO - OCR extracted text: BB OME go @aWsae

Welcome! @ ia

Rewa Shu...

Q2.

Q3.

ra a

SOC environment?

Can you explain your experience with Yv
security tools and how you use them for
effective security monitoring?

While my professional experience is at an entry
level, Ihave developed a solid understanding
of various security tools during my academic
projects and self-learning initiatives. Iam
familiar with tools used for vulnerability
assessment and continuous security
monitoring, which are critical for identifying
potential threats and weaknesses in an IT
environment. My skills in information security
and GRC (Governance, Risk, and Compliance)
have helped me appreciate the importance of
integrating these tools into a broader security
framework. Iam confident that my technical
foundation and eagerness to learn will enable
me to quickly adapt to Virtusa’s security tools
and contribute effectively to proactive threat
detection and response.

How do your skills in vulnerability >
assessment and information security

prepare you for the role of an L1 SOC

Analyst?

View more

Tried our Al-generated questions? We'd love
your feedback.
2026-05-08 20:02:49,541 - INFO - Threat analysis completed for: scan.jpg
2026-05-08 20:03:05,103 - INFO - Received file: scan.jpg
2026-05-08 20:03:07,690 - INFO - OCR extracted text: THB © OE) & & o SAE on@

¢ wow & 8

Reportasinotspam|

DeanStudents
Congratulations

Your pois fas haem shoentiisted fertina
prestigiousssummeninternship|program|byaleam|edutyi]
sLech}Solutionsspowered|by IBM)

Ghets forthe Summer Batch exo filing en o fistcoma fist
served|basiss

o Orel Piass 2to 6 Mantis Stipend Based
Ontermsttfp,

PFstipend 4315 OOOO 30000 RIXED)Y

° MSME & ISO veiiitad catiiteates
faccredited|by/MicrosoftyIBMand/Adobes

Gromiis Live sessions, Se inchistiy prefacts, and]
° fil placement assistance,

Finaljregistration}forthe|Summerninternship|(MAYA JULY
Cxtch) Saawepen

Referral|codedIBMOj]

QED YOUR APPLICATION HERE
2026-05-08 20:03:07,690 - INFO - Threat analysis completed for: scan.jpg
2026-05-08 20:03:53,231 - INFO - Received file: scan.jpg
2026-05-08 20:03:54,259 - INFO - OCR extracted text: Chase Online Alert

Rackspace Support <217376@inhaackr>

To me

Dear Customer,

‘At rackspace, we're committed to providing the tools you need to help you monitor your account{s).

*A review of your recent activities regarding multiple login attempt has raised some
concern,

For your safety we have suspend your login access.Some or all of yaur emails may have been deleted.
https//umw.thefitdollar.com/gabbys|

Use the link below to remove restriction on yofftimer-hérnt
{Click or tap to fatlow link.

https://app.rackspace.com/remove/restriction/access

Please do not reply to this Automatic Alert.
‘We appreciate your business.
Sincerely,

‘Online Emait Team
2026-05-08 20:03:54,259 - INFO - Threat analysis completed for: scan.jpg
2026-05-08 20:12:14,044 - INFO - Received file: scan.jpg
2026-05-08 20:12:17,811 - INFO - OCR extracted text: TOS © OE) & & 0 So @tEj an

BindSicht
Accessibilitystinrst

Usioad

Congratulations’

b
NY,
Slots forthe Summer Batch'are filling.on’afirstcomesfirst.

fe} Dual Phase:;2,to.6, Months'Stipend Based

CF Stipend:,%/1 5,000,to. 230,000, (FIXED)*
fel Credentials: MSME'&'1SO,verified certificates

accredited by, Microsoft] IBM¥and Adobe®

tl Growth: Vive sessionss3+ industry, projects*and
full placement’assistance:

Final registration forthe Summer, Internship (MAYSJULY,

Batch) is now,open:
2026-05-08 20:12:17,812 - INFO - Threat analysis completed for: scan.jpg
2026-05-08 21:30:12,345 - INFO - Received file: scan.jpg
2026-05-08 21:30:13,169 - INFO - OCR extracted text: Chase Online Alert

Rackspace Support <217376@inhaackr>

To me

Dear Customer,

‘At rackspace, we're committed to providing the tools you need to help you monitor your account{s).

*A review of your recent activities regarding multiple login attempt has raised some
concern,

For your safety we have suspend your login access.Some or all of yaur emails may have been deleted.
https//umw.thefitdollar.com/gabbys|

Use the link below to remove restriction on yofftimer-hérnt
{Click or tap to fatlow link.

https://app.rackspace.com/remove/restriction/access

Please do not reply to this Automatic Alert.
‘We appreciate your business.
Sincerely,

‘Online Emait Team
2026-05-08 21:30:13,171 - INFO - Threat analysis completed for: scan.jpg
2026-05-09 11:43:31,061 - INFO - Received file: scan.jpg
2026-05-09 11:43:34,204 - INFO - OCR extracted text: Chase Online Alert

Rackspace Support <217376@inhaackr>

To me

Dear Customer,

‘At rackspace, we're committed to providing the tools you need to help you monitor your account{s).

*A review of your recent activities regarding multiple login attempt has raised some
concern,

For your safety we have suspend your login access.Some or all of yaur emails may have been deleted.
https//umw.thefitdollar.com/gabbys|

Use the link below to remove restriction on yofftimer-hérnt
{Click or tap to fatlow link.

https://app.rackspace.com/remove/restriction/access

Please do not reply to this Automatic Alert.
‘We appreciate your business.
Sincerely,

‘Online Emait Team
2026-05-09 11:43:34,206 - INFO - Threat analysis completed for: scan.jpg
2026-05-09 11:51:16,222 - INFO - Received file: scan.jpg
2026-05-09 11:51:26,953 - INFO - OCR extracted text: THB © OE) & & o SAE on@

¢ wow & 8

Reportasinotspam|

DeanStudents
Congratulations

Your pois fas haem shoentiisted fertina
prestigiousssummeninternship|program|byaleam|edutyi]
sLech}Solutionsspowered|by IBM)

Ghets forthe Summer Batch exo filing en o fistcoma fist
served|basiss

o Orel Piass 2to 6 Mantis Stipend Based
Ontermsttfp,

PFstipend 4315 OOOO 30000 RIXED)Y

° MSME & ISO veiiitad catiiteates
faccredited|by/MicrosoftyIBMand/Adobes

Gromiis Live sessions, Se inchistiy prefacts, and]
° fil placement assistance,

Finaljregistration}forthe|Summerninternship|(MAYA JULY
Cxtch) Saawepen

Referral|codedIBMOj]

QED YOUR APPLICATION HERE
2026-05-09 11:51:26,954 - INFO - Threat analysis completed for: scan.jpg
2026-05-09 11:56:51,157 - ERROR - Form data requires "python-multipart" to be installed. 
You can install "python-multipart" with: 

pip install python-multipart

2026-05-09 12:00:23,894 - INFO - Received file: scan.jpg
2026-05-09 12:00:25,140 - INFO - OCR extracted text: Chase Online Alert

Rackspace Support <217376@inhaackr>

To me

Dear Customer,

‘At rackspace, we're committed to providing the tools you need to help you monitor your account{s).

*A review of your recent activities regarding multiple login attempt has raised some
concern,

For your safety we have suspend your login access.Some or all of yaur emails may have been deleted.
https//umw.thefitdollar.com/gabbys|

Use the link below to remove restriction on yofftimer-hérnt
{Click or tap to fatlow link.

https://app.rackspace.com/remove/restriction/access

Please do not reply to this Automatic Alert.
‘We appreciate your business.
Sincerely,

‘Online Emait Team
2026-05-09 12:00:25,154 - INFO - Threat analysis completed for: scan.jpg
2026-05-09 12:05:42,466 - INFO - Received file: scan.jpg
2026-05-09 12:05:42,612 - INFO - OCR extracted text: 
2026-05-09 12:05:42,612 - INFO - Threat analysis completed for: scan.jpg
2026-05-09 12:05:55,675 - INFO - Received file: scan.jpg
2026-05-09 12:05:55,767 - INFO - OCR extracted text: 
2026-05-09 12:05:55,767 - INFO - Threat analysis completed for: scan.jpg
2026-05-09 12:06:26,696 - INFO - Received file: scan.jpg
2026-05-09 12:06:26,788 - INFO - OCR extracted text: 
2026-05-09 12:06:26,789 - INFO - Threat analysis completed for: scan.jpg
2026-05-09 12:16:07,401 - INFO - Received file: scan.jpg
2026-05-09 12:16:07,495 - INFO - OCR extracted text: 
2026-05-09 12:16:07,495 - INFO - Threat analysis completed for: scan.jpg
2026-05-09 12:18:43,949 - INFO - Received file: scan.jpg
2026-05-09 12:18:46,133 - INFO - OCR extracted text: Chase Online Alert
Rackspace Support <217376@inha.ac.kr>
To me
Dear Customer,
At rackspace, we're committed to providing the tools you need to help you monitor your account(s).
*A review of your recent activities regarding multiple login attempt has raised some
concern.
For your safety we have suspend your login access.Some or all of your emails may have been deleted.
https:/www.thefitdollar.com/gabbyr,
Use the link below to remove restriction on youftimer.html
Click or tap to follow link.
https://app.rackspace.com/remove/restriction/access
Please do not reply to this Automatic Alert.
We appreciate your business.
Sincerely,
Online Email Team

2026-05-09 12:18:46,169 - INFO - Threat analysis completed for: scan.jpg
2026-05-09 12:31:41,964 - INFO - Received file: scan.jpg
2026-05-09 12:31:42,972 - INFO - OCR extracted text: Chase Online Alert
Rackspace Support <217376@inha.ac.kr>
To me
Dear Customer,
At rackspace, we're committed to providing the tools you need to help you monitor your account(s).
*A review of your recent activities regarding multiple login attempt has raised some
concern.
For your safety we have suspend your login access.Some or all of your emails may have been deleted.
https:/www.thefitdollar.com/gabbyr,
Use the link below to remove restriction on youftimer.html
Click or tap to follow link.
https://app.rackspace.com/remove/restriction/access
Please do not reply to this Automatic Alert.
We appreciate your business.
Sincerely,
Online Email Team

2026-05-09 12:31:42,974 - INFO - Threat analysis completed for: scan.jpg
2026-05-09 13:23:20,797 - INFO - Received file: scan.jpg
2026-05-09 13:23:21,581 - INFO - OCR extracted text: Chase Online Alert
Rackspace Support <217376@inha.ac.kr>
To me
Dear Customer,
At rackspace, we're committed to providing the tools you need to help you monitor your account(s).
*A review of your recent activities regarding multiple login attempt has raised some
concern.
For your safety we have suspend your login access.Some or all of your emails may have been deleted.
https:/www.thefitdollar.com/gabbyr,
Use the link below to remove restriction on youftimer.html
Click or tap to follow link.
https://app.rackspace.com/remove/restriction/access
Please do not reply to this Automatic Alert.
We appreciate your business.
Sincerely,
Online Email Team

2026-05-09 13:23:26,939 - INFO - Threat analysis completed for: scan.jpg
2026-05-09 13:33:20,455 - INFO - Received file: scan.jpg
2026-05-09 13:33:21,084 - INFO - OCR extracted text: Chase Online Alert
Rackspace Support <217376@inha.ac.kr>
To me
Dear Customer,
At rackspace, we're committed to providing the tools you need to help you monitor your account(s).
*A review of your recent activities regarding multiple login attempt has raised some
concern.
For your safety we have suspend your login access.Some or all of your emails may have been deleted.
https:/www.thefitdollar.com/gabbyr,
Use the link below to remove restriction on youftimer.html
Click or tap to follow link.
https://app.rackspace.com/remove/restriction/access
Please do not reply to this Automatic Alert.
We appreciate your business.
Sincerely,
Online Email Team

2026-05-09 13:33:45,782 - INFO - Threat analysis completed for: scan.jpg
2026-05-09 13:33:45,785 - INFO - Received file: scan.jpg
2026-05-09 13:33:46,422 - INFO - OCR extracted text: Chase Online Alert
Rackspace Support <217376@inha.ac.kr>
To me
Dear Customer,
At rackspace, we're committed to providing the tools you need to help you monitor your account(s).
*A review of your recent activities regarding multiple login attempt has raised some
concern.
For your safety we have suspend your login access.Some or all of your emails may have been deleted.
https:/www.thefitdollar.com/gabbyr,
Use the link below to remove restriction on youftimer.html
Click or tap to follow link.
https://app.rackspace.com/remove/restriction/access
Please do not reply to this Automatic Alert.
We appreciate your business.
Sincerely,
Online Email Team

2026-05-09 13:33:48,589 - INFO - Threat analysis completed for: scan.jpg
2026-05-09 13:33:48,593 - INFO - Received file: scan.jpg
2026-05-09 13:33:49,147 - INFO - OCR extracted text: Chase Online Alert
Rackspace Support <217376@inha.ac.kr>
To me
Dear Customer,
At rackspace, we're committed to providing the tools you need to help you monitor your account(s).
*A review of your recent activities regarding multiple login attempt has raised some
concern.
For your safety we have suspend your login access.Some or all of your emails may have been deleted.
https:/www.thefitdollar.com/gabbyr,
Use the link below to remove restriction on youftimer.html
Click or tap to follow link.
https://app.rackspace.com/remove/restriction/access
Please do not reply to this Automatic Alert.
We appreciate your business.
Sincerely,
Online Email Team

2026-05-09 13:33:51,118 - INFO - Threat analysis completed for: scan.jpg
2026-05-09 16:20:43,726 - INFO - Received file: scan.jpg
2026-05-09 16:20:44,939 - INFO - OCR extracted text: Chase Online Alert
Rackspace Support <217376@inha.ac.kr>
To me
Dear Customer,
At rackspace, we're committed to providing the tools you need to help you monitor your account(s).
*A review of your recent activities regarding multiple login attempt has raised some
concern.
For your safety we have suspend your login access.Some or all of your emails may have been deleted.
https:/www.thefitdollar.com/gabbyr,
Use the link below to remove restriction on youftimer.html
Click or tap to follow link.
https://app.rackspace.com/remove/restriction/access
Please do not reply to this Automatic Alert.
We appreciate your business.
Sincerely,
Online Email Team

2026-05-09 16:20:49,820 - INFO - Threat analysis completed for: scan.jpg
2026-05-09 17:20:27,648 - INFO - Received file: scan.jpg
2026-05-09 17:20:29,959 - INFO - OCR extracted text: Chase Online Alert
Rackspace Support <217376@inha.ac.kr>
To me
Dear Customer,
At rackspace, we're committed to providing the tools you need to help you monitor your account(s).
*A review of your recent activities regarding multiple login attempt has raised some
concern.
For your safety we have suspend your login access.Some or all of your emails may have been deleted.
https:/www.thefitdollar.com/gabbyr,
Use the link below to remove restriction on youftimer.html
Click or tap to follow link.
https://app.rackspace.com/remove/restriction/access
Please do not reply to this Automatic Alert.
We appreciate your business.
Sincerely,
Online Email Team

2026-05-09 17:20:34,827 - INFO - Threat analysis completed for: scan.jpg
2026-05-09 17:21:15,853 - INFO - Received file: scan.jpg
2026-05-09 17:21:17,903 - INFO - OCR extracted text: 18:02 @ GM pop » % © 356 ul
@ e
€ ye :
Report as not spam G)
Dear Student,
Congratulations.
Your profile has been shortlisted for the
prestigious Summer Internship Program by Team Edufyi
Tech Solutions, powered by IBM.
Slots for the Summer Batch are filling on a first-come, first-
served basis.
Program Overview:
e Dual Phase: 2 to 6 Months Stipend-Based
Internship.
¢ Stipend: £15,000 to $30,000 (FIXED).
e Credentials: MSME & ISO verified certificates
accredited by Microsoft, IBM, and Adobe.
e Growth: Live sessions, 3+ industry projects, and
full placement assistance.
Final registration for the Summer Internship (MAY-JULY
Batch) is now open.
Referral Code: IBM01

2026-05-09 17:21:17,932 - INFO - Threat analysis completed for: scan.jpg
2026-05-09 17:35:02,153 - INFO - Received file: scan.jpg
2026-05-09 17:35:04,162 - INFO - OCR extracted text: Chase Online Alert
Rackspace Support <217376@inha.ac.kr>
To me
Dear Customer,
At rackspace, we're committed to providing the tools you need to help you monitor your account(s).
*A review of your recent activities regarding multiple login attempt has raised some
concern.
For your safety we have suspend your login access.Some or all of your emails may have been deleted.
https:/www.thefitdollar.com/gabbyr,
Use the link below to remove restriction on youftimer.html
Click or tap to follow link.
https://app.rackspace.com/remove/restriction/access
Please do not reply to this Automatic Alert.
We appreciate your business.
Sincerely,
Online Email Team

2026-05-09 17:35:10,131 - INFO - Threat analysis completed for: scan.jpg
2026-05-09 17:57:13,796 - INFO - Received file: scan.jpg
2026-05-09 17:57:14,494 - INFO - OCR extracted text: Chase Online Alert
Rackspace Support <217376@inha.ac.kr>
To me
Dear Customer,
At rackspace, we're committed to providing the tools you need to help you monitor your account(s).
*A review of your recent activities regarding multiple login attempt has raised some
concern.
For your safety we have suspend your login access.Some or all of your emails may have been deleted.
https:/www.thefitdollar.com/gabbyr,
Use the link below to remove restriction on youftimer.html
Click or tap to follow link.
https://app.rackspace.com/remove/restriction/access
Please do not reply to this Automatic Alert.
We appreciate your business.
Sincerely,
Online Email Team

2026-05-09 17:57:19,670 - INFO - Threat analysis completed for: scan.jpg
2026-05-09 18:16:00,781 - INFO - Received file: scan.jpg
2026-05-09 18:16:01,577 - INFO - OCR extracted text: Chase Online Alert
Rackspace Support <217376@inha.ac.kr>
To me
Dear Customer,
At rackspace, we're committed to providing the tools you need to help you monitor your account(s).
*A review of your recent activities regarding multiple login attempt has raised some
concern.
For your safety we have suspend your login access.Some or all of your emails may have been deleted.
https:/www.thefitdollar.com/gabbyr,
Use the link below to remove restriction on youftimer.html
Click or tap to follow link.
https://app.rackspace.com/remove/restriction/access
Please do not reply to this Automatic Alert.
We appreciate your business.
Sincerely,
Online Email Team

2026-05-09 18:16:06,155 - INFO - Threat analysis completed for: scan.jpg
2026-05-09 18:16:52,612 - INFO - Received file: scan.jpg
2026-05-09 18:16:53,154 - INFO - OCR extracted text: Chase Online Alert
Rackspace Support <217376@inha.ac.kr>
To me
Dear Customer,
At rackspace, we're committed to providing the tools you need to help you monitor your account(s).
*A review of your recent activities regarding multiple login attempt has raised some
concern.
For your safety we have suspend your login access.Some or all of your emails may have been deleted.
https:/www.thefitdollar.com/gabbyr,
Use the link below to remove restriction on youftimer.html
Click or tap to follow link.
https://app.rackspace.com/remove/restriction/access
Please do not reply to this Automatic Alert.
We appreciate your business.
Sincerely,
Online Email Team

2026-05-09 18:16:57,039 - INFO - Threat analysis completed for: scan.jpg
2026-05-09 18:17:31,506 - INFO - Received file: scan.jpg
2026-05-09 18:17:32,057 - INFO - OCR extracted text: Chase Online Alert
Rackspace Support <217376@inha.ac.kr>
To me
Dear Customer,
At rackspace, we're committed to providing the tools you need to help you monitor your account(s).
*A review of your recent activities regarding multiple login attempt has raised some
concern.
For your safety we have suspend your login access.Some or all of your emails may have been deleted.
https:/www.thefitdollar.com/gabbyr,
Use the link below to remove restriction on youftimer.html
Click or tap to follow link.
https://app.rackspace.com/remove/restriction/access
Please do not reply to this Automatic Alert.
We appreciate your business.
Sincerely,
Online Email Team

2026-05-09 18:17:36,723 - INFO - Threat analysis completed for: scan.jpg
2026-05-09 18:18:35,578 - INFO - Received file: scan.jpg
2026-05-09 18:18:36,959 - INFO - OCR extracted text: 18:02 @ GM pop » % © 356 ul
@ e
€ ye :
Report as not spam G)
Dear Student,
Congratulations.
Your profile has been shortlisted for the
prestigious Summer Internship Program by Team Edufyi
Tech Solutions, powered by IBM.
Slots for the Summer Batch are filling on a first-come, first-
served basis.
Program Overview:
e Dual Phase: 2 to 6 Months Stipend-Based
Internship.
¢ Stipend: £15,000 to $30,000 (FIXED).
e Credentials: MSME & ISO verified certificates
accredited by Microsoft, IBM, and Adobe.
e Growth: Live sessions, 3+ industry projects, and
full placement assistance.
Final registration for the Summer Internship (MAY-JULY
Batch) is now open.
Referral Code: IBM01

2026-05-09 18:18:36,962 - INFO - Threat analysis completed for: scan.jpg
2026-05-14 11:47:32,446 - INFO - Received file: scan.jpg
2026-05-14 11:47:35,299 - INFO - OCR extracted text: Chase Online Alert
Rackspace Support <217376@inha.ackr>
To me
Dear Customer,
‘At rackspace, we're committed to providing the tools you need to help you monitor your accounts).
*A review of your recent activities regarding multiple login attempt has raised some
concern,
For your safety we have suspend your login access.Some or all of your emails may have been deleted.
https://wwthefitdollar.com/gabbyr/
Use the link below to remove restriction on yor timeritml
Click or tap to follow link.
https://app.rackspace.com/remove/restriction/access
Please do not reply to this Automatic Alert.
‘We appreciate your business.
sincerely,
Online Email Team
2026-05-14 11:47:37,943 - INFO - Threat analysis completed for: scan.jpg
2026-05-14 12:37:39,910 - INFO - Received file: scan.jpg
2026-05-14 12:37:49,182 - INFO - OCR extracted text: oe oe | a. be a — 7
ae oe | a Wii : | c | :
oa Tl ule sina a oe — a :
earn ices Sent a | a i a Bae Uo : : . ae - oe : oe — Pe Le a
: nen oe es i a : oe a oo — 2
Ps Ge | oo 4 wad 0 pes oe ith us. : _ oe 8 :
| De en 7 lextstep Porta MMUNIC 7  . _ a
- oe ee ae A ili A ae le her co oe — ee
| e wl Ls ye i Ha el ie ! ae a | al Hi a . rer D oO : : ee ae — oe ao
—- h viva mn ie lly reg ferenc _ — 7
oo va St an At an Sfu re aS :
a | lh ie i i a Wt m ne uc li te i : oe 7 a :
ly \ ou have ih et 0.Please no n Form. 4s) _ |
- cl jatio atic nist ih ey HW) 58143 Applicati MPUSis 8 . — — oS
oS | A ns " i) i 1) HH een 1026: Ss App findiacanr : a 2 | : a
~ _ ey f spinal ui ve DT202 1 OM iNGte oe es Dl ce oes \
/ a ae WG a oe “| aa 0 DI Wn | I the Ss. COM: : De on — _ , .
L > iT es a iven inexts' os i ae
-— ins lick ont edentials. : : a - _
\ a ns 4 low dG gc 7 8 :
gw? ; . re 2 tan lowin _ _
va ae co ae oo interne follo iD. : oo a oe
a _ ae to the in sing the d emai line. a . |
— 6h’ ‘Gonnect t ystem u Registere form on — _ |
_— ZOnn es r ion _ a a |
: Ts comme 814308 CS applic oF — Applicatic
Sl (gee n lin i txt : co ae oo me hi ard ee :
, Cl )T Referer - n Form at/_rtt/. tx : a oo u— a
- - , oe oe Applicatio 97, 98 form ed to cal : a 7
os -_— ”" lick on the ¢ Word -You will nee a a -
7 -— . - in .pdf, do 500KB. n form. » Portal. ¥ : oo » oo
a - x a in. IS icatio 4Ste ee oo L —
_ _ d your CV the CV i applicati the NextStep oo oe |
: — .. for uploading “tiff the filled i ticket from oo ee —
| — aus i ize fo ipea/ tiff. int q a :  . _ :
— — : is ae wu mis } f/ Jp P the : oe oo a oF i . |
- mht . mum i) jpa/_gi BG. d | : 8 — — ae
: ees ae stograph in j ph is 50 can down ented SS —
a r ae photog HE photogra SS, yOu process. ices Limite oe oe - —
a a. oe a i eo you Wl nv Hi | i t : Pro lex tio S ee a oe a — Apts
a liane iat Sele inthe TCS TATA Consu a i ee
: -— .... nctnnnta for app Het aniaglt HN _
| _ UN ‘ nn al } ae lei ne : | i ae a ve page
: . iracoraprs on i / i We | a ; plorin a | | i i | ee
Dl ‘you for | 7 a a as No. the
. er _ -
2026-05-14 12:37:49,189 - INFO - Threat analysis completed for: scan.jpg
